// Jest Snapshot v1, https://goo.gl/fbAQLP

exports[`<Main /> should render the heading 1`] = `
.c6 {
  display: inline-block;
  vertical-align: middle;
  overflow: hidden;
}

.c0 {
  width: 100%;
  max-width: 1320px;
  margin-right: auto;
  margin-left: auto;
}

.c1 {
  width: 100%;
  display: grid;
  grid-template-columns: 1fr 1fr;
  padding: 15px 0;
}

.c2 {
  text-align: center;
  -webkit-align-self: flex-end;
  -ms-flex-item-align: end;
  align-self: flex-end;
}

.c3 {
  color: #BB6BD9;
  font-weight: normal;
  padding-bottom: 40px;
}

.c4 {
  display: grid;
  grid-template-columns: repeat(3,1fr);
  max-width: 50%;
  margin: auto;
}

.c5 {
  cursor: pointer;
}

.c5 svg {
  height: 45px;
  width: auto;
  fill: #00feb5;
}

.c5 svg:hover {
  fill: #11B488;
}

.c7 {
  width: 50px;
  height: 50px;
  margin-top: 150px;
  margin-bottom: 40px;
  cursor: pointer;
}

@media (min-width:576px) {
  .c0 {
    max-width: 540px;
  }
}

@media (min-width:768px) {
  .c0 {
    max-width: 720px;
  }
}

@media (min-width:992px) {
  .c0 {
    max-width: 960px;
  }
}

@media (min-width:1200px) {
  .c0 {
    max-width: 1140px;
  }
}

<div
  class="c0"
>
  <main
    class="c1"
  >
    <div
      class="c2"
    >
      <h1
        class="c3"
      >
        Olá, meu nome é 
        <b>
          Mônica
        </b>
         e eu sou 
        <b>
          Desenvolvedora Front-end
        </b>
        .
      </h1>
      <div
        class="c4"
      >
        <a
          class="c5"
          href="https://github.com/mocariz"
          rel="noopener noreferrer"
          target="_blank"
          title="github"
        >
          <svg
            aria-hidden="true"
            class="c6"
            fill="currentColor"
            focusable="false"
            viewBox="0 0 24 24"
            xmlns="http://www.w3.org/2000/svg"
          >
            <path
              clip-rule="evenodd"
              d="M12.026 2c-5.509 0-9.974 4.465-9.974 9.974 0 4.406 2.857 8.145 6.821 9.465.499.09.679-.217.679-.481 0-.237-.008-.865-.011-1.696-2.775.602-3.361-1.338-3.361-1.338-.452-1.152-1.107-1.459-1.107-1.459-.905-.619.069-.605.069-.605 1.002.07 1.527 1.028 1.527 1.028.89 1.524 2.336 1.084 2.902.829.091-.645.351-1.085.635-1.334-2.214-.251-4.542-1.107-4.542-4.93 0-1.087.389-1.979 1.024-2.675-.101-.253-.446-1.268.099-2.64 0 0 .837-.269 2.742 1.021a9.582 9.582 0 012.496-.336 9.554 9.554 0 012.496.336c1.906-1.291 2.742-1.021 2.742-1.021.545 1.372.203 2.387.099 2.64.64.696 1.024 1.587 1.024 2.675 0 3.833-2.33 4.675-4.552 4.922.355.308.675.916.675 1.846 0 1.334-.012 2.41-.012 2.737 0 .267.178.577.687.479C19.146 20.115 22 16.379 22 11.974 22 6.465 17.535 2 12.026 2z"
              fill-rule="evenodd"
            />
          </svg>
        </a>
        <a
          class="c5"
          href="https://www.linkedin.com/in/mocariz/"
          rel="noopener noreferrer"
          target="_blank"
          title="linkedin"
        >
          <svg
            aria-hidden="true"
            class="c6"
            fill="currentColor"
            focusable="false"
            viewBox="0 0 24 24"
            xmlns="http://www.w3.org/2000/svg"
          >
            <circle
              cx="4.983"
              cy="5.009"
              r="2.188"
            />
            <path
              d="M9.237 8.855v12.139h3.769v-6.003c0-1.584.298-3.118 2.262-3.118 1.937 0 1.961 1.811 1.961 3.218v5.904H21v-6.657c0-3.27-.704-5.783-4.526-5.783-1.835 0-3.065 1.007-3.568 1.96h-.051v-1.66H9.237zm-6.142 0H6.87v12.139H3.095z"
            />
          </svg>
        </a>
        <a
          class="c5"
          href="mailto:mota.ocariz@gmail.com"
          rel="noopener noreferrer"
          title="mail"
        >
          <svg
            aria-hidden="true"
            class="c6"
            fill="currentColor"
            focusable="false"
            viewBox="0 0 100 100"
            xmlns="http://www.w3.org/2000/svg"
          >
            <path
              d="M85.944 20.189H14.056a2.559 2.559 0 00-2.556 2.557v5.144c0 .237.257.509.467.619l37.786 21.583a.63.63 0 00.318.083.634.634 0 00.324-.088L87.039 28.53c.206-.115.752-.419.957-.559.248-.169.504-.322.504-.625v-4.601a2.559 2.559 0 00-2.556-2.556zm2.237 15.457a.644.644 0 00-.645.004L66.799 47.851a.637.637 0 00-.145.985l20.74 22.357a.632.632 0 00.467.204.64.64 0 00.639-.639V36.201a.638.638 0 00-.319-.555zM60.823 51.948a.636.636 0 00-.791-.118l-8.312 4.891a3.243 3.243 0 01-3.208.021l-7.315-4.179a.64.64 0 00-.751.086L12.668 78.415a.64.64 0 00.114 1.02c.432.254.849.375 1.273.375h71.153a.635.635 0 00.585-.385.635.635 0 00-.118-.689L60.823 51.948zm-26.489-2.347a.639.639 0 00-.115-1.023L12.453 36.146a.638.638 0 00-.953.556v32.62a.637.637 0 001.073.468l21.761-20.189z"
            />
          </svg>
        </a>
      </div>
      <svg
        aria-hidden="true"
        class="c6 c7"
        fill="currentColor"
        focusable="false"
        viewBox="0 0 24 24"
        xmlns="http://www.w3.org/2000/svg"
      >
        <g
          data-name="Layer 2"
        >
          <g
            data-name="arrowhead-down"
          >
            <path
              d="M17.37 12.39L12 16.71l-5.36-4.48a1 1 0 10-1.28 1.54l6 5a1 1 0 001.27 0l6-4.83a1 1 0 00.15-1.41 1 1 0 00-1.41-.14z"
            />
            <path
              d="M11.36 11.77a1 1 0 001.27 0l6-4.83a1 1 0 00.15-1.41 1 1 0 00-1.41-.15L12 9.71 6.64 5.23a1 1 0 00-1.28 1.54z"
            />
          </g>
        </g>
      </svg>
    </div>
    <div>
      <img
        alt="mocariz logo"
        src="/img/logo.png"
      />
    </div>
  </main>
</div>
`
